[0m15:44:43.440460 [debug] [MainThread]: Sending event: {'category': 'dbt', 'action': 'invocation', 'label': 'start', 'context': [<snowplow_tracker.self_describing_json.SelfDescribingJson object at 0x7107c58c0950>, <snowplow_tracker.self_describing_json.SelfDescribingJson object at 0x7107c58c2ae0>, <snowplow_tracker.self_describing_json.SelfDescribingJson object at 0x7107c55ed070>]}


============================== 15:44:43.442964 | d897d687-4ec0-4a22-a556-1576f32d6f6f ==============================
[0m15:44:43.442964 [info ] [MainThread]: Running with dbt=1.11.2
[0m15:44:43.443408 [debug] [MainThread]: running dbt with arguments {'debug': 'False', 'empty': 'None', 'warn_error': 'None', 'printer_width': '80', 'log_cache_events': 'False', 'introspect': 'True', 'warn_error_options': 'WarnErrorOptionsV2(error=[], warn=[], silence=[])', 'no_print': 'None', 'static_parser': 'True', 'send_anonymous_usage_stats': 'True', 'target_path': 'None', 'invocation_command': 'dbt init --skip-profile-setup airbnb', 'partial_parse': 'True', 'indirect_selection': 'eager', 'log_format': 'default', 'version_check': 'True', 'use_experimental_parser': 'False', 'write_json': 'True', 'cache_selected_only': 'False', 'profiles_dir': '/home/dadoo/.dbt', 'quiet': 'False', 'use_colors': 'True', 'log_path': 'logs', 'fail_fast': 'False'}
[0m15:44:43.495710 [debug] [MainThread]: Starter project path: /home/dadoo/projets/python/formation/courses/.venv/lib/python3.12/site-packages/dbt/include/starter_project
[0m15:44:43.498577 [info ] [MainThread]: 
Your new dbt project "airbnb" was created!

For more information on how to configure the profiles.yml file,
please consult the dbt documentation here:

  https://docs.getdbt.com/docs/configure-your-profile

One more thing:

Need help? Don't hesitate to reach out to us via GitHub issues or on Slack:

  https://community.getdbt.com/

Happy modeling!

[0m15:44:43.499474 [debug] [MainThread]: Resource report: {"command_name": "init", "command_success": true, "command_wall_clock_time": 0.15652129, "process_in_blocks": "2656", "process_kernel_time": 0.117236, "process_mem_max_rss": "103316", "process_out_blocks": "744", "process_user_time": 1.449925}
[0m15:44:43.499887 [debug] [MainThread]: Command `dbt init` succeeded at 15:44:43.499801 after 0.16 seconds
[0m15:44:43.500197 [debug] [MainThread]: Sending event: {'category': 'dbt', 'action': 'invocation', 'label': 'end', 'context': [<snowplow_tracker.self_describing_json.SelfDescribingJson object at 0x7107c581b590>, <snowplow_tracker.self_describing_json.SelfDescribingJson object at 0x7107c5d00ef0>, <snowplow_tracker.self_describing_json.SelfDescribingJson object at 0x7107c521dd60>]}
[0m15:44:43.500645 [debug] [MainThread]: Flushing usage events
[0m15:44:44.043332 [debug] [MainThread]: An error was encountered while trying to flush usage events
[0m15:50:41.417755 [debug] [MainThread]: Sending event: {'category': 'dbt', 'action': 'invocation', 'label': 'start', 'context': [<snowplow_tracker.self_describing_json.SelfDescribingJson object at 0x76a28e252690>, <snowplow_tracker.self_describing_json.SelfDescribingJson object at 0x76a28b9cb4a0>, <snowplow_tracker.self_describing_json.SelfDescribingJson object at 0x76a28e380620>]}


============================== 15:50:41.420274 | 719b612f-8bb0-448c-b2bb-260c68d9a419 ==============================
[0m15:50:41.420274 [info ] [MainThread]: Running with dbt=1.11.2
[0m15:50:41.420792 [debug] [MainThread]: running dbt with arguments {'cache_selected_only': 'False', 'printer_width': '80', 'target_path': 'None', 'use_colors': 'True', 'log_path': 'logs', 'warn_error': 'None', 'profiles_dir': '/home/dadoo/.dbt', 'warn_error_options': 'WarnErrorOptionsV2(error=[], warn=[], silence=[])', 'log_format': 'default', 'fail_fast': 'False', 'introspect': 'True', 'use_experimental_parser': 'False', 'debug': 'False', 'empty': 'None', 'log_cache_events': 'False', 'quiet': 'False', 'static_parser': 'True', 'partial_parse': 'True', 'send_anonymous_usage_stats': 'True', 'indirect_selection': 'eager', 'write_json': 'True', 'no_print': 'None', 'version_check': 'True', 'invocation_command': 'dbt debug'}
[0m15:50:41.526729 [info ] [MainThread]: dbt version: 1.11.2
[0m15:50:41.527649 [info ] [MainThread]: python version: 3.12.3
[0m15:50:41.528026 [info ] [MainThread]: python path: /home/dadoo/projets/python/formation/courses/.venv/bin/python
[0m15:50:41.528461 [info ] [MainThread]: os info: Linux-6.17.0-14-generic-x86_64-with-glibc2.39
[0m15:50:41.532654 [info ] [MainThread]: Error importing adapter: No module named 'dbt.adapters.bigquery'
[0m15:50:41.533270 [info ] [MainThread]: Using profiles dir at /home/dadoo/.dbt
[0m15:50:41.533910 [info ] [MainThread]: Using profiles.yml file at /home/dadoo/.dbt/profiles.yml
[0m15:50:41.534331 [info ] [MainThread]: Using dbt_project.yml file at /home/dadoo/projets/python/formation/courses/dbt_project.yml
[0m15:50:41.534867 [info ] [MainThread]: Configuration:
[0m15:50:41.535419 [info ] [MainThread]:   profiles.yml file [[31mERROR invalid[0m]
[0m15:50:41.536001 [info ] [MainThread]:   dbt_project.yml file [[31mERROR not found[0m]
[0m15:50:41.536570 [info ] [MainThread]: Required dependencies:
[0m15:50:41.537133 [debug] [MainThread]: Executing "git --help"
[0m15:50:41.545757 [debug] [MainThread]: STDOUT: "b"usage : git [-v | --version] [-h | --help] [-C <path>] [-c <name>=<value>]\n           [--exec-path[=<path>]] [--html-path] [--man-path] [--info-path]\n           [-p | --paginate | -P | --no-pager] [--no-replace-objects] [--bare]\n           [--git-dir=<path>] [--work-tree=<path>] [--namespace=<name>]\n           [--config-env=<name>=<envvar>] <command> [<args>]\n\nCi-dessous les commandes Git habituelles dans diverses situations\xc2\xa0:\n\nd\xc3\xa9marrer une zone de travail (voir aussi\xc2\xa0: git help tutorial)\n   clone     Cloner un d\xc3\xa9p\xc3\xb4t dans un nouveau r\xc3\xa9pertoire\n   init      Cr\xc3\xa9er un d\xc3\xa9p\xc3\xb4t Git vide ou r\xc3\xa9initialiser un existant\n\ntravailler sur la modification actuelle (voir aussi\xc2\xa0: git help revisions)\n   add       Ajouter le contenu de fichiers dans l'index\n   mv        D\xc3\xa9placer ou renommer un fichier, un r\xc3\xa9pertoire, ou un lien symbolique\n   restore   Restaurer les fichiers l'arbre de travail\n   rm        Supprimer des fichiers de la copie de travail et de l'index\n\nexaminer l'historique et l'\xc3\xa9tat (voir aussi\xc2\xa0: git help revisions)\n   bisect    Trouver par recherche binaire la modification qui a introduit un bogue\n   diff      Afficher les changements entre les validations, entre validation et copie de travail, etc\n   grep      Afficher les lignes correspondant \xc3\xa0 un motif\n   log       Afficher l'historique des validations\n   show      Afficher diff\xc3\xa9rents types d'objets\n   status    Afficher l'\xc3\xa9tat de la copie de travail\n\nagrandir, marquer et modifier votre historique\n   branch    Lister, cr\xc3\xa9er ou supprimer des branches\n   commit    Enregistrer les modifications dans le d\xc3\xa9p\xc3\xb4t\n   merge     Fusionner deux ou plusieurs historiques de d\xc3\xa9veloppement ensemble\n   rebase    R\xc3\xa9application des commits sur le sommet de l'autre base\n   reset     R\xc3\xa9initialiser la HEAD courante \xc3\xa0 l'\xc3\xa9tat sp\xc3\xa9cifi\xc3\xa9\n   switch    Basculer de branche\n   tag       Cr\xc3\xa9er, lister, supprimer ou v\xc3\xa9rifier un objet d'\xc3\xa9tiquette sign\xc3\xa9 avec GPG\n\ncollaborer (voir aussi\xc2\xa0: git help workflows)\n   fetch     T\xc3\xa9l\xc3\xa9charger les objets et r\xc3\xa9f\xc3\xa9rences depuis un autre d\xc3\xa9p\xc3\xb4t\n   pull      Rapatrier et int\xc3\xa9grer un autre d\xc3\xa9p\xc3\xb4t ou une branche locale\n   push      Mettre \xc3\xa0 jour les r\xc3\xa9f\xc3\xa9rences distantes ainsi que les objets associ\xc3\xa9s\n\n'git help -a' et 'git help -g' listent les sous-commandes disponibles et\nquelques concepts. Voir 'git help <commande>' ou 'git help <concept>'\npour en lire plus \xc3\xa0 propos d'une commande sp\xc3\xa9cifique ou d'un concept.\nVoir 'git help git' pour un survol du syst\xc3\xa8me.\n""
[0m15:50:41.546724 [debug] [MainThread]: STDERR: "b''"
[0m15:50:41.547135 [info ] [MainThread]:  - git [[32mOK found[0m]

[0m15:50:41.547660 [info ] [MainThread]: Connection test skipped since no profile was found
[0m15:50:41.548316 [info ] [MainThread]: [31m2 checks failed:[0m
[0m15:50:41.548882 [info ] [MainThread]: Could not load dbt_project.yml
Profile loading failed for the following reason:
Runtime Error
  Credentials in profile "jobcompass", target "dev" invalid: Runtime Error
    Could not find adapter type bigquery!


[0m15:50:41.549289 [info ] [MainThread]: Project loading failed for the following reason:
 project path </home/dadoo/projets/python/formation/courses/dbt_project.yml> not found

[0m15:50:41.550633 [debug] [MainThread]: Resource report: {"command_name": "debug", "command_success": false, "command_wall_clock_time": 0.19670224, "process_in_blocks": "48", "process_kernel_time": 0.110926, "process_mem_max_rss": "101056", "process_out_blocks": "80", "process_user_time": 1.306135}
[0m15:50:41.551412 [debug] [MainThread]: Command `dbt debug` failed at 15:50:41.551262 after 0.20 seconds
[0m15:50:41.551920 [debug] [MainThread]: Sending event: {'category': 'dbt', 'action': 'invocation', 'label': 'end', 'context': [<snowplow_tracker.self_describing_json.SelfDescribingJson object at 0x76a28bda7f20>, <snowplow_tracker.self_describing_json.SelfDescribingJson object at 0x76a28b692f30>, <snowplow_tracker.self_describing_json.SelfDescribingJson object at 0x76a28ba99370>]}
[0m15:50:41.552320 [debug] [MainThread]: Flushing usage events
[0m15:50:42.352885 [debug] [MainThread]: An error was encountered while trying to flush usage events
